c:\users\aster\source\repos\gp2\lab1\debug\vc143.pdb
c:\users\aster\source\repos\gp2\lab1\debug\vc143.idb
c:\users\aster\source\repos\gp2\lab1\debug\main.obj
c:\users\aster\source\repos\gp2\lab1\debug\transform.obj
c:\users\aster\source\repos\gp2\lab1\debug\texture.obj
c:\users\aster\source\repos\gp2\lab1\debug\shader.obj
c:\users\aster\source\repos\gp2\lab1\debug\mesh.obj
c:\users\aster\source\repos\gp2\lab1\debug\maingame.obj
c:\users\aster\source\repos\gp2\lab1\debug\display.obj
c:\users\aster\source\repos\gp2\lab1\debug\imgui.obj
c:\users\aster\source\repos\gp2\lab1\debug\imgui_impl_sdl2.obj
c:\users\aster\source\repos\gp2\lab1\debug\stb.obj
c:\users\aster\source\repos\gp2\debug\gp2.exe
c:\users\aster\source\repos\gp2\debug\gp2.pdb
c:\users\aster\source\repos\gp2\lab1\debug\gp2.ilk
c:\users\aster\source\repos\gp2\lab1\debug\objloader.obj
c:\users\aster\source\repos\gp2\lab1\debug\maingame.obj.enc
c:\users\aster\source\repos\gp2\lab1\debug\labs.ilk
c:\users\aster\source\repos\gp2\lab1\debug\gp2.tlog\cl.command.1.tlog
c:\users\aster\source\repos\gp2\lab1\debug\gp2.tlog\cl.items.tlog
c:\users\aster\source\repos\gp2\lab1\debug\gp2.tlog\cl.read.1.tlog
c:\users\aster\source\repos\gp2\lab1\debug\gp2.tlog\cl.write.1.tlog
c:\users\aster\source\repos\gp2\lab1\debug\gp2.tlog\link-cvtres.read.1.tlog
c:\users\aster\source\repos\gp2\lab1\debug\gp2.tlog\link-cvtres.write.1.tlog
c:\users\aster\source\repos\gp2\lab1\debug\gp2.tlog\link-rc.read.1.tlog
c:\users\aster\source\repos\gp2\lab1\debug\gp2.tlog\link-rc.write.1.tlog
c:\users\aster\source\repos\gp2\lab1\debug\gp2.tlog\link.28048-cvtres.read.1.tlog
c:\users\aster\source\repos\gp2\lab1\debug\gp2.tlog\link.28048-cvtres.write.1.tlog
c:\users\aster\source\repos\gp2\lab1\debug\gp2.tlog\link.28048-rc.read.1.tlog
c:\users\aster\source\repos\gp2\lab1\debug\gp2.tlog\link.28048-rc.write.1.tlog
c:\users\aster\source\repos\gp2\lab1\debug\gp2.tlog\link.28048.read.1.tlog
c:\users\aster\source\repos\gp2\lab1\debug\gp2.tlog\link.28048.write.1.tlog
c:\users\aster\source\repos\gp2\lab1\debug\gp2.tlog\link.command.1.tlog
c:\users\aster\source\repos\gp2\lab1\debug\gp2.tlog\link.read.1.tlog
c:\users\aster\source\repos\gp2\lab1\debug\gp2.tlog\link.secondary.1.tlog
c:\users\aster\source\repos\gp2\lab1\debug\gp2.tlog\link.write.1.tlog
