c:\users\isaac\documents\github\gp2\lab1\debug\vc143.pdb
c:\users\isaac\documents\github\gp2\lab1\debug\vc143.idb
c:\users\isaac\documents\github\gp2\lab1\debug\transform.obj
c:\users\isaac\documents\github\gp2\lab1\debug\texture.obj
c:\users\isaac\documents\github\gp2\lab1\debug\shader.obj
c:\users\isaac\documents\github\gp2\lab1\debug\objloader.obj
c:\users\isaac\documents\github\gp2\lab1\debug\mesh.obj
c:\users\isaac\documents\github\gp2\lab1\debug\maingame.obj
c:\users\isaac\documents\github\gp2\lab1\debug\main.obj
c:\users\isaac\documents\github\gp2\lab1\debug\display.obj
c:\users\isaac\documents\github\gp2\lab1\debug\stb.obj
c:\users\isaac\documents\github\gp2\lab1\debug\labs.ilk
c:\users\isaac\documents\github\gp2\lab1\debug\maingame.obj.enc
c:\users\isaac\documents\github\gp2\debug\labs.pdb
c:\users\isaac\documents\github\gp2\lab1\debug\labs.tlog\cl.command.1.tlog
c:\users\isaac\documents\github\gp2\lab1\debug\labs.tlog\cl.items.tlog
c:\users\isaac\documents\github\gp2\lab1\debug\labs.tlog\cl.read.1.tlog
c:\users\isaac\documents\github\gp2\lab1\debug\labs.tlog\cl.write.1.tlog
c:\users\isaac\documents\github\gp2\lab1\debug\labs.tlog\link.14556-cvtres.read.1.tlog
c:\users\isaac\documents\github\gp2\lab1\debug\labs.tlog\link.14556-cvtres.write.1.tlog
c:\users\isaac\documents\github\gp2\lab1\debug\labs.tlog\link.14556-rc.read.1.tlog
c:\users\isaac\documents\github\gp2\lab1\debug\labs.tlog\link.14556-rc.write.1.tlog
c:\users\isaac\documents\github\gp2\lab1\debug\labs.tlog\link.14556.read.1.tlog
c:\users\isaac\documents\github\gp2\lab1\debug\labs.tlog\link.14556.write.1.tlog
c:\users\isaac\documents\github\gp2\lab1\debug\labs.tlog\link.command.1.tlog
c:\users\isaac\documents\github\gp2\lab1\debug\labs.tlog\link.read.1.tlog
c:\users\isaac\documents\github\gp2\lab1\debug\labs.tlog\link.secondary.1.tlog
c:\users\isaac\documents\github\gp2\lab1\debug\labs.tlog\link.write.1.tlog
